192.168.1.2 - - [02/Oct/2017:11:59:46 +0530] "OPTIONS /oauth/token HTTP/1.1" 200 - "http://192.168.1.55/VueJs/site_demo/" "Mozilla/5.0 (X11; Linux x86_64) AppleWebKit/537.36 (KHTML, like Gecko) Chrome/59.0.3071.104 Safari/537.36"
192.168.1.2 - - [02/Oct/2017:11:59:46 +0530] "POST /oauth/token HTTP/1.1" 200 1849 "http://192.168.1.55/VueJs/site_demo/" "Mozilla/5.0 (X11; Linux x86_64) AppleWebKit/537.36 (KHTML, like Gecko) Chrome/59.0.3071.104 Safari/537.36"
192.168.1.2 - - [02/Oct/2017:11:59:47 +0530] "OPTIONS /api/users HTTP/1.1" 200 - "http://192.168.1.55/VueJs/site_demo/" "Mozilla/5.0 (X11; Linux x86_64) AppleWebKit/537.36 (KHTML, like Gecko) Chrome/59.0.3071.104 Safari/537.36"
192.168.1.2 - - [02/Oct/2017:11:59:47 +0530] "GET /api/users HTTP/1.1" 200 302 "http://192.168.1.55/VueJs/site_demo/" "Mozilla/5.0 (X11; Linux x86_64) AppleWebKit/537.36 (KHTML, like Gecko) Chrome/59.0.3071.104 Safari/537.36"
192.168.1.2 - - [02/Oct/2017:12:00:32 +0530] "OPTIONS /api/users HTTP/1.1" 200 - "http://192.168.1.55/VueJs/site_demo/" "Mozilla/5.0 (X11; Linux x86_64) AppleWebKit/537.36 (KHTML, like Gecko) Chrome/59.0.3071.104 Safari/537.36"
192.168.1.2 - - [02/Oct/2017:12:00:32 +0530] "GET /api/users HTTP/1.1" 200 302 "http://192.168.1.55/VueJs/site_demo/" "Mozilla/5.0 (X11; Linux x86_64) AppleWebKit/537.36 (KHTML, like Gecko) Chrome/59.0.3071.104 Safari/537.36"
192.168.1.2 - - [02/Oct/2017:12:00:40 +0530] "OPTIONS /api/users HTTP/1.1" 200 - "http://192.168.1.55/VueJs/site_demo/" "Mozilla/5.0 (X11; Linux x86_64) AppleWebKit/537.36 (KHTML, like Gecko) Chrome/59.0.3071.104 Safari/537.36"
192.168.1.2 - - [02/Oct/2017:12:00:40 +0530] "GET /api/users HTTP/1.1" 200 302 "http://192.168.1.55/VueJs/site_demo/" "Mozilla/5.0 (X11; Linux x86_64) AppleWebKit/537.36 (KHTML, like Gecko) Chrome/59.0.3071.104 Safari/537.36"
192.168.1.2 - - [02/Oct/2017:12:00:42 +0530] "GET /api/users HTTP/1.1" 200 302 "http://192.168.1.55/VueJs/site_demo/" "Mozilla/5.0 (X11; Linux x86_64) AppleWebKit/537.36 (KHTML, like Gecko) Chrome/59.0.3071.104 Safari/537.36"
192.168.1.2 - - [02/Oct/2017:12:00:43 +0530] "GET /api/users HTTP/1.1" 200 302 "http://192.168.1.55/VueJs/site_demo/" "Mozilla/5.0 (X11; Linux x86_64) AppleWebKit/537.36 (KHTML, like Gecko) Chrome/59.0.3071.104 Safari/537.36"
192.168.1.2 - - [02/Oct/2017:12:00:43 +0530] "GET /api/users HTTP/1.1" 200 302 "http://192.168.1.55/VueJs/site_demo/" "Mozilla/5.0 (X11; Linux x86_64) AppleWebKit/537.36 (KHTML, like Gecko) Chrome/59.0.3071.104 Safari/537.36"
192.168.1.2 - - [02/Oct/2017:12:01:02 +0530] "OPTIONS /oauth/token HTTP/1.1" 200 - "http://192.168.1.55/VueJs/site_demo/" "Mozilla/5.0 (X11; Linux x86_64) AppleWebKit/537.36 (KHTML, like Gecko) Chrome/59.0.3071.104 Safari/537.36"
192.168.1.2 - - [02/Oct/2017:12:01:02 +0530] "POST /oauth/token HTTP/1.1" 200 1849 "http://192.168.1.55/VueJs/site_demo/" "Mozilla/5.0 (X11; Linux x86_64) AppleWebKit/537.36 (KHTML, like Gecko) Chrome/59.0.3071.104 Safari/537.36"
192.168.1.2 - - [02/Oct/2017:12:01:02 +0530] "OPTIONS /api/users HTTP/1.1" 200 - "http://192.168.1.55/VueJs/site_demo/" "Mozilla/5.0 (X11; Linux x86_64) AppleWebKit/537.36 (KHTML, like Gecko) Chrome/59.0.3071.104 Safari/537.36"
192.168.1.2 - - [02/Oct/2017:12:01:02 +0530] "GET /api/users HTTP/1.1" 200 302 "http://192.168.1.55/VueJs/site_demo/" "Mozilla/5.0 (X11; Linux x86_64) AppleWebKit/537.36 (KHTML, like Gecko) Chrome/59.0.3071.104 Safari/537.36"
::1 - - [02/Oct/2017:12:01:18 +0530] "GET /user HTTP/1.1" 200 2081 "-" "Mozilla/5.0 (X11; Linux x86_64) AppleWebKit/537.36 (KHTML, like Gecko) Chrome/61.0.3163.79 Safari/537.36"
::1 - - [02/Oct/2017:12:01:19 +0530] "GET /favicon.ico HTTP/1.1" 200 - "http://localhost:81/user" "Mozilla/5.0 (X11; Linux x86_64) AppleWebKit/537.36 (KHTML, like Gecko) Chrome/61.0.3163.79 Safari/537.36"
::1 - - [02/Oct/2017:12:01:19 +0530] "GET /users HTTP/1.1" 200 302 "http://localhost:81/user" "Mozilla/5.0 (X11; Linux x86_64) AppleWebKit/537.36 (KHTML, like Gecko) Chrome/61.0.3163.79 Safari/537.36"
192.168.1.2 - - [02/Oct/2017:12:01:21 +0530] "OPTIONS /api/users HTTP/1.1" 200 - "http://192.168.1.55/VueJs/site_demo/" "Mozilla/5.0 (X11; Linux x86_64) AppleWebKit/537.36 (KHTML, like Gecko) Chrome/59.0.3071.104 Safari/537.36"
192.168.1.2 - - [02/Oct/2017:12:01:21 +0530] "GET /api/users HTTP/1.1" 200 302 "http://192.168.1.55/VueJs/site_demo/" "Mozilla/5.0 (X11; Linux x86_64) AppleWebKit/537.36 (KHTML, like Gecko) Chrome/59.0.3071.104 Safari/537.36"
192.168.1.2 - - [02/Oct/2017:12:01:51 +0530] "OPTIONS /oauth/token HTTP/1.1" 200 - "http://192.168.1.55/VueJs/site_demo/" "Mozilla/5.0 (X11; Linux x86_64) AppleWebKit/537.36 (KHTML, like Gecko) Chrome/59.0.3071.104 Safari/537.36"
192.168.1.2 - - [02/Oct/2017:12:01:51 +0530] "POST /oauth/token HTTP/1.1" 200 1849 "http://192.168.1.55/VueJs/site_demo/" "Mozilla/5.0 (X11; Linux x86_64) AppleWebKit/537.36 (KHTML, like Gecko) Chrome/59.0.3071.104 Safari/537.36"
::1 - - [02/Oct/2017:12:02:10 +0530] "-" 408 - "-" "-"
::1 - - [02/Oct/2017:12:02:10 +0530] "-" 408 - "-" "-"
::1 - - [02/Oct/2017:12:02:10 +0530] "-" 408 - "-" "-"
::1 - - [02/Oct/2017:12:02:10 +0530] "-" 408 - "-" "-"
192.168.1.2 - - [02/Oct/2017:12:02:53 +0530] "OPTIONS /oauth/token HTTP/1.1" 200 - "http://192.168.1.55/VueJs/site_demo/" "Mozilla/5.0 (X11; Linux x86_64) AppleWebKit/537.36 (KHTML, like Gecko) Chrome/59.0.3071.104 Safari/537.36"
192.168.1.2 - - [02/Oct/2017:12:02:53 +0530] "POST /oauth/token HTTP/1.1" 200 1849 "http://192.168.1.55/VueJs/site_demo/" "Mozilla/5.0 (X11; Linux x86_64) AppleWebKit/537.36 (KHTML, like Gecko) Chrome/59.0.3071.104 Safari/537.36"
::1 - - [02/Oct/2017:12:03:13 +0530] "GET /users HTTP/1.1" 200 302 "http://localhost:81/user" "Mozilla/5.0 (X11; Linux x86_64) AppleWebKit/537.36 (KHTML, like Gecko) Chrome/61.0.3163.79 Safari/537.36"
192.168.1.2 - - [02/Oct/2017:12:03:29 +0530] "OPTIONS /oauth/token HTTP/1.1" 200 - "http://192.168.1.55/VueJs/site_demo/" "Mozilla/5.0 (X11; Linux x86_64) AppleWebKit/537.36 (KHTML, like Gecko) Chrome/59.0.3071.104 Safari/537.36"
192.168.1.2 - - [02/Oct/2017:12:03:29 +0530] "POST /oauth/token HTTP/1.1" 200 1849 "http://192.168.1.55/VueJs/site_demo/" "Mozilla/5.0 (X11; Linux x86_64) AppleWebKit/537.36 (KHTML, like Gecko) Chrome/59.0.3071.104 Safari/537.36"
::1 - - [02/Oct/2017:12:03:34 +0530] "GET /user HTTP/1.1" 200 2081 "-" "Mozilla/5.0 (X11; Linux x86_64) AppleWebKit/537.36 (KHTML, like Gecko) Chrome/61.0.3163.79 Safari/537.36"
::1 - - [02/Oct/2017:12:03:34 +0530] "GET /users HTTP/1.1" 200 302 "http://localhost:81/user" "Mozilla/5.0 (X11; Linux x86_64) AppleWebKit/537.36 (KHTML, like Gecko) Chrome/61.0.3163.79 Safari/537.36"
::1 - - [02/Oct/2017:12:03:37 +0530] "GET /users HTTP/1.1" 200 302 "http://localhost:81/user" "Mozilla/5.0 (X11; Linux x86_64) AppleWebKit/537.36 (KHTML, like Gecko) Chrome/61.0.3163.79 Safari/537.36"
::1 - - [02/Oct/2017:12:04:10 +0530] "GET /user HTTP/1.1" 200 2081 "-" "Mozilla/5.0 (X11; Linux x86_64) AppleWebKit/537.36 (KHTML, like Gecko) Chrome/61.0.3163.79 Safari/537.36"
::1 - - [02/Oct/2017:12:04:10 +0530] "GET /users HTTP/1.1" 200 302 "http://localhost:81/user" "Mozilla/5.0 (X11; Linux x86_64) AppleWebKit/537.36 (KHTML, like Gecko) Chrome/61.0.3163.79 Safari/537.36"
::1 - - [02/Oct/2017:12:04:14 +0530] "GET /users HTTP/1.1" 200 302 "http://localhost:81/user" "Mozilla/5.0 (X11; Linux x86_64) AppleWebKit/537.36 (KHTML, like Gecko) Chrome/61.0.3163.79 Safari/537.36"
::1 - - [02/Oct/2017:12:05:29 +0530] "GET /user HTTP/1.1" 200 2081 "-" "Mozilla/5.0 (X11; Linux x86_64) AppleWebKit/537.36 (KHTML, like Gecko) Chrome/61.0.3163.79 Safari/537.36"
::1 - - [02/Oct/2017:12:05:29 +0530] "GET /users HTTP/1.1" 200 302 "http://localhost:81/user" "Mozilla/5.0 (X11; Linux x86_64) AppleWebKit/537.36 (KHTML, like Gecko) Chrome/61.0.3163.79 Safari/537.36"
::1 - - [02/Oct/2017:12:06:31 +0530] "GET /user HTTP/1.1" 200 2081 "-" "Mozilla/5.0 (X11; Linux x86_64) AppleWebKit/537.36 (KHTML, like Gecko) Chrome/61.0.3163.79 Safari/537.36"
::1 - - [02/Oct/2017:12:06:32 +0530] "GET /users HTTP/1.1" 200 302 "http://localhost:81/user" "Mozilla/5.0 (X11; Linux x86_64) AppleWebKit/537.36 (KHTML, like Gecko) Chrome/61.0.3163.79 Safari/537.36"
::1 - - [02/Oct/2017:12:06:37 +0530] "GET /users HTTP/1.1" 200 302 "http://localhost:81/user" "Mozilla/5.0 (X11; Linux x86_64) AppleWebKit/537.36 (KHTML, like Gecko) Chrome/61.0.3163.79 Safari/537.36"
::1 - - [02/Oct/2017:12:06:39 +0530] "GET /users HTTP/1.1" 200 302 "http://localhost:81/user" "Mozilla/5.0 (X11; Linux x86_64) AppleWebKit/537.36 (KHTML, like Gecko) Chrome/61.0.3163.79 Safari/537.36"
192.168.1.2 - - [02/Oct/2017:12:06:58 +0530] "OPTIONS /oauth/token HTTP/1.1" 200 - "http://192.168.1.55/VueJs/site_demo/" "Mozilla/5.0 (X11; Linux x86_64) AppleWebKit/537.36 (KHTML, like Gecko) Chrome/59.0.3071.104 Safari/537.36"
192.168.1.2 - - [02/Oct/2017:12:06:58 +0530] "POST /oauth/token HTTP/1.1" 200 1849 "http://192.168.1.55/VueJs/site_demo/" "Mozilla/5.0 (X11; Linux x86_64) AppleWebKit/537.36 (KHTML, like Gecko) Chrome/59.0.3071.104 Safari/537.36"
192.168.1.2 - - [02/Oct/2017:12:06:58 +0530] "OPTIONS /api/users HTTP/1.1" 200 - "http://192.168.1.55/VueJs/site_demo/" "Mozilla/5.0 (X11; Linux x86_64) AppleWebKit/537.36 (KHTML, like Gecko) Chrome/59.0.3071.104 Safari/537.36"
192.168.1.2 - - [02/Oct/2017:12:06:58 +0530] "GET /api/users HTTP/1.1" 200 302 "http://192.168.1.55/VueJs/site_demo/" "Mozilla/5.0 (X11; Linux x86_64) AppleWebKit/537.36 (KHTML, like Gecko) Chrome/59.0.3071.104 Safari/537.36"
192.168.1.2 - - [02/Oct/2017:12:07:07 +0530] "OPTIONS /api/users HTTP/1.1" 200 - "http://192.168.1.55/VueJs/site_demo/" "Mozilla/5.0 (X11; Linux x86_64) AppleWebKit/537.36 (KHTML, like Gecko) Chrome/59.0.3071.104 Safari/537.36"
192.168.1.2 - - [02/Oct/2017:12:07:07 +0530] "GET /api/users HTTP/1.1" 200 302 "http://192.168.1.55/VueJs/site_demo/" "Mozilla/5.0 (X11; Linux x86_64) AppleWebKit/537.36 (KHTML, like Gecko) Chrome/59.0.3071.104 Safari/537.36"
192.168.1.2 - - [02/Oct/2017:12:07:09 +0530] "GET /api/users HTTP/1.1" 200 302 "http://192.168.1.55/VueJs/site_demo/" "Mozilla/5.0 (X11; Linux x86_64) AppleWebKit/537.36 (KHTML, like Gecko) Chrome/59.0.3071.104 Safari/537.36"
192.168.1.2 - - [02/Oct/2017:12:07:10 +0530] "GET /api/users HTTP/1.1" 200 302 "http://192.168.1.55/VueJs/site_demo/" "Mozilla/5.0 (X11; Linux x86_64) AppleWebKit/537.36 (KHTML, like Gecko) Chrome/59.0.3071.104 Safari/537.36"
192.168.1.2 - - [02/Oct/2017:12:07:10 +0530] "GET /api/users HTTP/1.1" 200 302 "http://192.168.1.55/VueJs/site_demo/" "Mozilla/5.0 (X11; Linux x86_64) AppleWebKit/537.36 (KHTML, like Gecko) Chrome/59.0.3071.104 Safari/537.36"
192.168.1.2 - - [02/Oct/2017:12:07:11 +0530] "GET /api/users HTTP/1.1" 200 302 "http://192.168.1.55/VueJs/site_demo/" "Mozilla/5.0 (X11; Linux x86_64) AppleWebKit/537.36 (KHTML, like Gecko) Chrome/59.0.3071.104 Safari/537.36"
192.168.1.2 - - [02/Oct/2017:12:07:11 +0530] "GET /api/users HTTP/1.1" 200 302 "http://192.168.1.55/VueJs/site_demo/" "Mozilla/5.0 (X11; Linux x86_64) AppleWebKit/537.36 (KHTML, like Gecko) Chrome/59.0.3071.104 Safari/537.36"
192.168.1.2 - - [02/Oct/2017:12:07:11 +0530] "GET /api/users HTTP/1.1" 200 302 "http://192.168.1.55/VueJs/site_demo/" "Mozilla/5.0 (X11; Linux x86_64) AppleWebKit/537.36 (KHTML, like Gecko) Chrome/59.0.3071.104 Safari/537.36"
192.168.1.2 - - [02/Oct/2017:12:07:11 +0530] "GET /api/users HTTP/1.1" 200 302 "http://192.168.1.55/VueJs/site_demo/" "Mozilla/5.0 (X11; Linux x86_64) AppleWebKit/537.36 (KHTML, like Gecko) Chrome/59.0.3071.104 Safari/537.36"
192.168.1.2 - - [02/Oct/2017:12:07:11 +0530] "GET /api/users HTTP/1.1" 200 302 "http://192.168.1.55/VueJs/site_demo/" "Mozilla/5.0 (X11; Linux x86_64) AppleWebKit/537.36 (KHTML, like Gecko) Chrome/59.0.3071.104 Safari/537.36"
192.168.1.2 - - [02/Oct/2017:12:07:14 +0530] "OPTIONS /api/users HTTP/1.1" 200 - "http://192.168.1.55/VueJs/site_demo/" "Mozilla/5.0 (X11; Linux x86_64) AppleWebKit/537.36 (KHTML, like Gecko) Chrome/59.0.3071.104 Safari/537.36"
192.168.1.2 - - [02/Oct/2017:12:07:14 +0530] "GET /api/users HTTP/1.1" 200 302 "http://192.168.1.55/VueJs/site_demo/" "Mozilla/5.0 (X11; Linux x86_64) AppleWebKit/537.36 (KHTML, like Gecko) Chrome/59.0.3071.104 Safari/537.36"
192.168.1.2 - - [02/Oct/2017:12:07:17 +0530] "GET /api/users HTTP/1.1" 200 302 "http://192.168.1.55/VueJs/site_demo/" "Mozilla/5.0 (X11; Linux x86_64) AppleWebKit/537.36 (KHTML, like Gecko) Chrome/59.0.3071.104 Safari/537.36"
192.168.1.2 - - [02/Oct/2017:12:07:20 +0530] "OPTIONS /api/users HTTP/1.1" 200 - "http://192.168.1.55/VueJs/site_demo/" "Mozilla/5.0 (X11; Linux x86_64) AppleWebKit/537.36 (KHTML, like Gecko) Chrome/59.0.3071.104 Safari/537.36"
192.168.1.2 - - [02/Oct/2017:12:07:20 +0530] "GET /api/users HTTP/1.1" 200 302 "http://192.168.1.55/VueJs/site_demo/" "Mozilla/5.0 (X11; Linux x86_64) AppleWebKit/537.36 (KHTML, like Gecko) Chrome/59.0.3071.104 Safari/537.36"
192.168.1.2 - - [02/Oct/2017:12:07:21 +0530] "GET /api/users HTTP/1.1" 200 302 "http://192.168.1.55/VueJs/site_demo/" "Mozilla/5.0 (X11; Linux x86_64) AppleWebKit/537.36 (KHTML, like Gecko) Chrome/59.0.3071.104 Safari/537.36"
192.168.1.2 - - [02/Oct/2017:12:07:22 +0530] "GET /api/users HTTP/1.1" 200 302 "http://192.168.1.55/VueJs/site_demo/" "Mozilla/5.0 (X11; Linux x86_64) AppleWebKit/537.36 (KHTML, like Gecko) Chrome/59.0.3071.104 Safari/537.36"
192.168.1.2 - - [02/Oct/2017:12:07:23 +0530] "GET /api/users HTTP/1.1" 200 302 "http://192.168.1.55/VueJs/site_demo/" "Mozilla/5.0 (X11; Linux x86_64) AppleWebKit/537.36 (KHTML, like Gecko) Chrome/59.0.3071.104 Safari/537.36"
192.168.1.2 - - [02/Oct/2017:12:07:23 +0530] "GET /api/users HTTP/1.1" 200 302 "http://192.168.1.55/VueJs/site_demo/" "Mozilla/5.0 (X11; Linux x86_64) AppleWebKit/537.36 (KHTML, like Gecko) Chrome/59.0.3071.104 Safari/537.36"
192.168.1.2 - - [02/Oct/2017:12:07:23 +0530] "GET /api/users HTTP/1.1" 200 302 "http://192.168.1.55/VueJs/site_demo/" "Mozilla/5.0 (X11; Linux x86_64) AppleWebKit/537.36 (KHTML, like Gecko) Chrome/59.0.3071.104 Safari/537.36"
192.168.1.2 - - [02/Oct/2017:12:07:24 +0530] "GET /api/users HTTP/1.1" 200 302 "http://192.168.1.55/VueJs/site_demo/" "Mozilla/5.0 (X11; Linux x86_64) AppleWebKit/537.36 (KHTML, like Gecko) Chrome/59.0.3071.104 Safari/537.36"
192.168.1.2 - - [02/Oct/2017:12:07:24 +0530] "GET /api/users HTTP/1.1" 200 302 "http://192.168.1.55/VueJs/site_demo/" "Mozilla/5.0 (X11; Linux x86_64) AppleWebKit/537.36 (KHTML, like Gecko) Chrome/59.0.3071.104 Safari/537.36"
192.168.1.2 - - [02/Oct/2017:12:07:25 +0530] "GET /api/users HTTP/1.1" 200 302 "http://192.168.1.55/VueJs/site_demo/" "Mozilla/5.0 (X11; Linux x86_64) AppleWebKit/537.36 (KHTML, like Gecko) Chrome/59.0.3071.104 Safari/537.36"
192.168.1.2 - - [02/Oct/2017:12:07:34 +0530] "OPTIONS /api/users HTTP/1.1" 200 - "http://192.168.1.55/VueJs/site_demo/" "Mozilla/5.0 (X11; Linux x86_64) AppleWebKit/537.36 (KHTML, like Gecko) Chrome/59.0.3071.104 Safari/537.36"
192.168.1.2 - - [02/Oct/2017:12:07:34 +0530] "GET /api/users HTTP/1.1" 200 302 "http://192.168.1.55/VueJs/site_demo/" "Mozilla/5.0 (X11; Linux x86_64) AppleWebKit/537.36 (KHTML, like Gecko) Chrome/59.0.3071.104 Safari/537.36"
::1 - - [02/Oct/2017:12:07:42 +0530] "GET /user HTTP/1.1" 200 2081 "-" "Mozilla/5.0 (X11; Linux x86_64) AppleWebKit/537.36 (KHTML, like Gecko) Chrome/61.0.3163.79 Safari/537.36"
::1 - - [02/Oct/2017:12:07:42 +0530] "GET /users HTTP/1.1" 200 302 "http://localhost:81/user" "Mozilla/5.0 (X11; Linux x86_64) AppleWebKit/537.36 (KHTML, like Gecko) Chrome/61.0.3163.79 Safari/537.36"
::1 - - [02/Oct/2017:12:07:45 +0530] "GET /users HTTP/1.1" 200 302 "http://localhost:81/user" "Mozilla/5.0 (X11; Linux x86_64) AppleWebKit/537.36 (KHTML, like Gecko) Chrome/61.0.3163.79 Safari/537.36"
::1 - - [02/Oct/2017:12:07:47 +0530] "GET /users HTTP/1.1" 200 302 "http://localhost:81/user" "Mozilla/5.0 (X11; Linux x86_64) AppleWebKit/537.36 (KHTML, like Gecko) Chrome/61.0.3163.79 Safari/537.36"
192.168.1.2 - - [02/Oct/2017:12:07:51 +0530] "OPTIONS /api/users HTTP/1.1" 200 - "http://192.168.1.55/VueJs/site_demo/" "Mozilla/5.0 (X11; Linux x86_64) AppleWebKit/537.36 (KHTML, like Gecko) Chrome/59.0.3071.104 Safari/537.36"
::1 - - [02/Oct/2017:12:07:51 +0530] "GET /users HTTP/1.1" 200 302 "http://localhost:81/user" "Mozilla/5.0 (X11; Linux x86_64) AppleWebKit/537.36 (KHTML, like Gecko) Chrome/61.0.3163.79 Safari/537.36"
192.168.1.2 - - [02/Oct/2017:12:07:51 +0530] "GET /api/users HTTP/1.1" 200 302 "http://192.168.1.55/VueJs/site_demo/" "Mozilla/5.0 (X11; Linux x86_64) AppleWebKit/537.36 (KHTML, like Gecko) Chrome/59.0.3071.104 Safari/537.36"
192.168.1.2 - - [02/Oct/2017:12:08:22 +0530] "OPTIONS /oauth/token HTTP/1.1" 200 - "http://192.168.1.55/VueJs/site_demo/" "Mozilla/5.0 (X11; Linux x86_64) AppleWebKit/537.36 (KHTML, like Gecko) Chrome/59.0.3071.104 Safari/537.36"
192.168.1.2 - - [02/Oct/2017:12:08:22 +0530] "POST /oauth/token HTTP/1.1" 200 1849 "http://192.168.1.55/VueJs/site_demo/" "Mozilla/5.0 (X11; Linux x86_64) AppleWebKit/537.36 (KHTML, like Gecko) Chrome/59.0.3071.104 Safari/537.36"
192.168.1.2 - - [02/Oct/2017:12:08:23 +0530] "OPTIONS /api/users HTTP/1.1" 200 - "http://192.168.1.55/VueJs/site_demo/" "Mozilla/5.0 (X11; Linux x86_64) AppleWebKit/537.36 (KHTML, like Gecko) Chrome/59.0.3071.104 Safari/537.36"
192.168.1.2 - - [02/Oct/2017:12:08:23 +0530] "GET /api/users HTTP/1.1" 200 302 "http://192.168.1.55/VueJs/site_demo/" "Mozilla/5.0 (X11; Linux x86_64) AppleWebKit/537.36 (KHTML, like Gecko) Chrome/59.0.3071.104 Safari/537.36"
192.168.1.2 - - [02/Oct/2017:12:16:03 +0530] "OPTIONS /oauth/token HTTP/1.1" 200 - "http://192.168.1.55/VueJs/site_demo/" "Mozilla/5.0 (X11; Linux x86_64) AppleWebKit/537.36 (KHTML, like Gecko) Chrome/59.0.3071.104 Safari/537.36"
192.168.1.2 - - [02/Oct/2017:12:16:03 +0530] "POST /oauth/token HTTP/1.1" 401 67 "http://192.168.1.55/VueJs/site_demo/" "Mozilla/5.0 (X11; Linux x86_64) AppleWebKit/537.36 (KHTML, like Gecko) Chrome/59.0.3071.104 Safari/537.36"
192.168.1.2 - - [02/Oct/2017:12:16:04 +0530] "POST /oauth/token HTTP/1.1" 401 67 "http://192.168.1.55/VueJs/site_demo/" "Mozilla/5.0 (X11; Linux x86_64) AppleWebKit/537.36 (KHTML, like Gecko) Chrome/59.0.3071.104 Safari/537.36"
192.168.1.2 - - [02/Oct/2017:12:16:04 +0530] "POST /oauth/token HTTP/1.1" 401 67 "http://192.168.1.55/VueJs/site_demo/" "Mozilla/5.0 (X11; Linux x86_64) AppleWebKit/537.36 (KHTML, like Gecko) Chrome/59.0.3071.104 Safari/537.36"
192.168.1.2 - - [02/Oct/2017:12:16:05 +0530] "POST /oauth/token HTTP/1.1" 401 67 "http://192.168.1.55/VueJs/site_demo/" "Mozilla/5.0 (X11; Linux x86_64) AppleWebKit/537.36 (KHTML, like Gecko) Chrome/59.0.3071.104 Safari/537.36"
::1 - - [02/Oct/2017:12:17:02 +0530] "GET /user HTTP/1.1" 200 2081 "-" "Mozilla/5.0 (X11; Linux x86_64) AppleWebKit/537.36 (KHTML, like Gecko) Chrome/61.0.3163.79 Safari/537.36"
::1 - - [02/Oct/2017:12:17:02 +0530] "GET /users HTTP/1.1" 200 302 "http://localhost:81/user" "Mozilla/5.0 (X11; Linux x86_64) AppleWebKit/537.36 (KHTML, like Gecko) Chrome/61.0.3163.79 Safari/537.36"
192.168.1.2 - - [02/Oct/2017:12:17:06 +0530] "OPTIONS /oauth/token HTTP/1.1" 200 - "http://192.168.1.55/VueJs/site_demo/" "Mozilla/5.0 (X11; Linux x86_64) AppleWebKit/537.36 (KHTML, like Gecko) Chrome/59.0.3071.104 Safari/537.36"
192.168.1.2 - - [02/Oct/2017:12:17:06 +0530] "POST /oauth/token HTTP/1.1" 401 67 "http://192.168.1.55/VueJs/site_demo/" "Mozilla/5.0 (X11; Linux x86_64) AppleWebKit/537.36 (KHTML, like Gecko) Chrome/59.0.3071.104 Safari/537.36"
::1 - - [02/Oct/2017:12:17:10 +0530] "GET /users HTTP/1.1" 200 302 "http://localhost:81/user" "Mozilla/5.0 (X11; Linux x86_64) AppleWebKit/537.36 (KHTML, like Gecko) Chrome/61.0.3163.79 Safari/537.36"
192.168.1.2 - - [02/Oct/2017:12:18:12 +0530] "OPTIONS /oauth/token HTTP/1.1" 200 - "http://192.168.1.55/VueJs/site_demo/" "Mozilla/5.0 (X11; Linux x86_64) AppleWebKit/537.36 (KHTML, like Gecko) Chrome/59.0.3071.104 Safari/537.36"
192.168.1.2 - - [02/Oct/2017:12:18:12 +0530] "POST /oauth/token HTTP/1.1" 401 67 "http://192.168.1.55/VueJs/site_demo/" "Mozilla/5.0 (X11; Linux x86_64) AppleWebKit/537.36 (KHTML, like Gecko) Chrome/59.0.3071.104 Safari/537.36"
::1 - - [02/Oct/2017:12:18:26 +0530] "GET /user HTTP/1.1" 200 2086 "-" "Mozilla/5.0 (X11; Linux x86_64) AppleWebKit/537.36 (KHTML, like Gecko) Chrome/61.0.3163.79 Safari/537.36"
::1 - - [02/Oct/2017:12:18:26 +0530] "GET /users HTTP/1.1" 200 302 "http://localhost:81/user" "Mozilla/5.0 (X11; Linux x86_64) AppleWebKit/537.36 (KHTML, like Gecko) Chrome/61.0.3163.79 Safari/537.36"
::1 - - [02/Oct/2017:12:19:20 +0530] "GET /user HTTP/1.1" 200 2086 "-" "Mozilla/5.0 (X11; Linux x86_64) AppleWebKit/537.36 (KHTML, like Gecko) Chrome/61.0.3163.79 Safari/537.36"
::1 - - [02/Oct/2017:12:19:20 +0530] "GET /users HTTP/1.1" 200 302 "http://localhost:81/user" "Mozilla/5.0 (X11; Linux x86_64) AppleWebKit/537.36 (KHTML, like Gecko) Chrome/61.0.3163.79 Safari/537.36"
192.168.1.2 - - [02/Oct/2017:12:21:16 +0530] "OPTIONS /oauth/token HTTP/1.1" 200 - "http://192.168.1.55/VueJs/site_demo/" "Mozilla/5.0 (X11; Linux x86_64) AppleWebKit/537.36 (KHTML, like Gecko) Chrome/59.0.3071.104 Safari/537.36"
192.168.1.2 - - [02/Oct/2017:12:21:16 +0530] "POST /oauth/token HTTP/1.1" 200 1849 "http://192.168.1.55/VueJs/site_demo/" "Mozilla/5.0 (X11; Linux x86_64) AppleWebKit/537.36 (KHTML, like Gecko) Chrome/59.0.3071.104 Safari/537.36"
192.168.1.2 - - [02/Oct/2017:12:21:17 +0530] "OPTIONS /api/users HTTP/1.1" 200 - "http://192.168.1.55/VueJs/site_demo/" "Mozilla/5.0 (X11; Linux x86_64) AppleWebKit/537.36 (KHTML, like Gecko) Chrome/59.0.3071.104 Safari/537.36"
192.168.1.2 - - [02/Oct/2017:12:21:17 +0530] "GET /api/users HTTP/1.1" 200 302 "http://192.168.1.55/VueJs/site_demo/" "Mozilla/5.0 (X11; Linux x86_64) AppleWebKit/537.36 (KHTML, like Gecko) Chrome/59.0.3071.104 Safari/537.36"
192.168.1.2 - - [02/Oct/2017:12:21:34 +0530] "OPTIONS /oauth/token HTTP/1.1" 200 - "http://192.168.1.55/VueJs/site_demo/" "Mozilla/5.0 (X11; Linux x86_64) AppleWebKit/537.36 (KHTML, like Gecko) Chrome/59.0.3071.104 Safari/537.36"
192.168.1.2 - - [02/Oct/2017:12:21:34 +0530] "POST /oauth/token HTTP/1.1" 200 1849 "http://192.168.1.55/VueJs/site_demo/" "Mozilla/5.0 (X11; Linux x86_64) AppleWebKit/537.36 (KHTML, like Gecko) Chrome/59.0.3071.104 Safari/537.36"
192.168.1.2 - - [02/Oct/2017:12:22:34 +0530] "OPTIONS /oauth/token HTTP/1.1" 200 - "http://192.168.1.55/VueJs/site_demo/" "Mozilla/5.0 (X11; Linux x86_64) AppleWebKit/537.36 (KHTML, like Gecko) Chrome/59.0.3071.104 Safari/537.36"
192.168.1.2 - - [02/Oct/2017:12:22:34 +0530] "POST /oauth/token HTTP/1.1" 401 67 "http://192.168.1.55/VueJs/site_demo/" "Mozilla/5.0 (X11; Linux x86_64) AppleWebKit/537.36 (KHTML, like Gecko) Chrome/59.0.3071.104 Safari/537.36"
192.168.1.2 - - [02/Oct/2017:12:22:40 +0530] "OPTIONS /oauth/token HTTP/1.1" 200 - "http://192.168.1.55/VueJs/site_demo/" "Mozilla/5.0 (X11; Linux x86_64) AppleWebKit/537.36 (KHTML, like Gecko) Chrome/59.0.3071.104 Safari/537.36"
192.168.1.2 - - [02/Oct/2017:12:22:40 +0530] "POST /oauth/token HTTP/1.1" 401 67 "http://192.168.1.55/VueJs/site_demo/" "Mozilla/5.0 (X11; Linux x86_64) AppleWebKit/537.36 (KHTML, like Gecko) Chrome/59.0.3071.104 Safari/537.36"
192.168.1.2 - - [02/Oct/2017:12:22:53 +0530] "OPTIONS /oauth/token HTTP/1.1" 200 - "http://192.168.1.55/VueJs/site_demo/" "Mozilla/5.0 (X11; Linux x86_64) AppleWebKit/537.36 (KHTML, like Gecko) Chrome/59.0.3071.104 Safari/537.36"
192.168.1.2 - - [02/Oct/2017:12:22:53 +0530] "POST /oauth/token HTTP/1.1" 200 1849 "http://192.168.1.55/VueJs/site_demo/" "Mozilla/5.0 (X11; Linux x86_64) AppleWebKit/537.36 (KHTML, like Gecko) Chrome/59.0.3071.104 Safari/537.36"
192.168.1.2 - - [02/Oct/2017:12:22:53 +0530] "OPTIONS /api/users HTTP/1.1" 200 - "http://192.168.1.55/VueJs/site_demo/" "Mozilla/5.0 (X11; Linux x86_64) AppleWebKit/537.36 (KHTML, like Gecko) Chrome/59.0.3071.104 Safari/537.36"
192.168.1.2 - - [02/Oct/2017:12:22:53 +0530] "GET /api/users HTTP/1.1" 200 302 "http://192.168.1.55/VueJs/site_demo/" "Mozilla/5.0 (X11; Linux x86_64) AppleWebKit/537.36 (KHTML, like Gecko) Chrome/59.0.3071.104 Safari/537.36"
192.168.1.2 - - [02/Oct/2017:12:23:34 +0530] "OPTIONS /oauth/token HTTP/1.1" 200 - "http://192.168.1.55/VueJs/site_demo/" "Mozilla/5.0 (X11; Linux x86_64) AppleWebKit/537.36 (KHTML, like Gecko) Chrome/59.0.3071.104 Safari/537.36"
192.168.1.2 - - [02/Oct/2017:12:23:34 +0530] "POST /oauth/token HTTP/1.1" 200 1849 "http://192.168.1.55/VueJs/site_demo/" "Mozilla/5.0 (X11; Linux x86_64) AppleWebKit/537.36 (KHTML, like Gecko) Chrome/59.0.3071.104 Safari/537.36"
192.168.1.2 - - [02/Oct/2017:12:25:15 +0530] "OPTIONS /oauth/token HTTP/1.1" 200 - "http://192.168.1.55/VueJs/site_demo/" "Mozilla/5.0 (X11; Linux x86_64) AppleWebKit/537.36 (KHTML, like Gecko) Chrome/59.0.3071.104 Safari/537.36"
192.168.1.2 - - [02/Oct/2017:12:25:15 +0530] "POST /oauth/token HTTP/1.1" 401 67 "http://192.168.1.55/VueJs/site_demo/" "Mozilla/5.0 (X11; Linux x86_64) AppleWebKit/537.36 (KHTML, like Gecko) Chrome/59.0.3071.104 Safari/537.36"
::1 - - [02/Oct/2017:12:26:15 +0530] "GET /user HTTP/1.1" 200 2086 "-" "Mozilla/5.0 (X11; Linux x86_64) AppleWebKit/537.36 (KHTML, like Gecko) Chrome/61.0.3163.79 Safari/537.36"
::1 - - [02/Oct/2017:12:26:15 +0530] "GET /users HTTP/1.1" 200 302 "http://localhost:81/user" "Mozilla/5.0 (X11; Linux x86_64) AppleWebKit/537.36 (KHTML, like Gecko) Chrome/61.0.3163.79 Safari/537.36"
::1 - - [02/Oct/2017:12:26:53 +0530] "GET /user HTTP/1.1" 200 2081 "-" "Mozilla/5.0 (X11; Linux x86_64) AppleWebKit/537.36 (KHTML, like Gecko) Chrome/61.0.3163.79 Safari/537.36"
::1 - - [02/Oct/2017:12:26:53 +0530] "GET /users HTTP/1.1" 200 302 "http://localhost:81/user" "Mozilla/5.0 (X11; Linux x86_64) AppleWebKit/537.36 (KHTML, like Gecko) Chrome/61.0.3163.79 Safari/537.36"
::1 - - [02/Oct/2017:12:26:56 +0530] "GET /users HTTP/1.1" 200 302 "http://localhost:81/user" "Mozilla/5.0 (X11; Linux x86_64) AppleWebKit/537.36 (KHTML, like Gecko) Chrome/61.0.3163.79 Safari/537.36"
::1 - - [02/Oct/2017:12:28:19 +0530] "GET /user HTTP/1.1" 200 2081 "-" "Mozilla/5.0 (X11; Linux x86_64) AppleWebKit/537.36 (KHTML, like Gecko) Chrome/61.0.3163.79 Safari/537.36"
::1 - - [02/Oct/2017:12:28:19 +0530] "GET /users HTTP/1.1" 200 302 "http://localhost:81/user" "Mozilla/5.0 (X11; Linux x86_64) AppleWebKit/537.36 (KHTML, like Gecko) Chrome/61.0.3163.79 Safari/537.36"
::1 - - [02/Oct/2017:12:32:59 +0530] "GET / HTTP/1.1" 200 2588 "-" "Mozilla/5.0 (X11; Linux x86_64) AppleWebKit/537.36 (KHTML, like Gecko) Chrome/61.0.3163.79 Safari/537.36"
::1 - - [02/Oct/2017:12:33:05 +0530] "GET /user HTTP/1.1" 200 2081 "-" "Mozilla/5.0 (X11; Linux x86_64) AppleWebKit/537.36 (KHTML, like Gecko) Chrome/61.0.3163.79 Safari/537.36"
::1 - - [02/Oct/2017:12:33:05 +0530] "GET /users HTTP/1.1" 200 302 "http://localhost:81/user" "Mozilla/5.0 (X11; Linux x86_64) AppleWebKit/537.36 (KHTML, like Gecko) Chrome/61.0.3163.79 Safari/537.36"
::1 - - [02/Oct/2017:12:33:50 +0530] "-" 408 - "-" "-"
::1 - - [02/Oct/2017:12:33:50 +0530] "-" 408 - "-" "-"
::1 - - [02/Oct/2017:12:33:50 +0530] "-" 408 - "-" "-"
::1 - - [02/Oct/2017:12:33:50 +0530] "-" 408 - "-" "-"
::1 - - [02/Oct/2017:12:33:56 +0530] "-" 408 - "-" "-"
192.168.1.2 - - [02/Oct/2017:12:37:30 +0530] "OPTIONS /oauth/token HTTP/1.1" 200 - "http://192.168.1.55/VueJs/site_demo/" "Mozilla/5.0 (X11; Linux x86_64) AppleWebKit/537.36 (KHTML, like Gecko) Chrome/59.0.3071.104 Safari/537.36"
192.168.1.2 - - [02/Oct/2017:12:37:30 +0530] "POST /oauth/token HTTP/1.1" 200 1849 "http://192.168.1.55/VueJs/site_demo/" "Mozilla/5.0 (X11; Linux x86_64) AppleWebKit/537.36 (KHTML, like Gecko) Chrome/59.0.3071.104 Safari/537.36"
192.168.1.2 - - [02/Oct/2017:12:37:30 +0530] "OPTIONS /api/users HTTP/1.1" 200 - "http://192.168.1.55/VueJs/site_demo/" "Mozilla/5.0 (X11; Linux x86_64) AppleWebKit/537.36 (KHTML, like Gecko) Chrome/59.0.3071.104 Safari/537.36"
192.168.1.2 - - [02/Oct/2017:12:37:30 +0530] "GET /api/users HTTP/1.1" 200 302 "http://192.168.1.55/VueJs/site_demo/" "Mozilla/5.0 (X11; Linux x86_64) AppleWebKit/537.36 (KHTML, like Gecko) Chrome/59.0.3071.104 Safari/537.36"
192.168.1.2 - - [02/Oct/2017:12:38:40 +0530] "OPTIONS /oauth/token HTTP/1.1" 200 - "http://192.168.1.55/VueJs/site_demo/" "Mozilla/5.0 (X11; Linux x86_64) AppleWebKit/537.36 (KHTML, like Gecko) Chrome/59.0.3071.104 Safari/537.36"
192.168.1.2 - - [02/Oct/2017:12:38:40 +0530] "POST /oauth/token HTTP/1.1" 401 67 "http://192.168.1.55/VueJs/site_demo/" "Mozilla/5.0 (X11; Linux x86_64) AppleWebKit/537.36 (KHTML, like Gecko) Chrome/59.0.3071.104 Safari/537.36"
::1 - - [02/Oct/2017:12:40:02 +0530] "GET /user/roles HTTP/1.1" 200 3275 "-" "Mozilla/5.0 (X11; Linux x86_64) AppleWebKit/537.36 (KHTML, like Gecko) Chrome/61.0.3163.79 Safari/537.36"
::1 - - [02/Oct/2017:12:40:02 +0530] "GET /user/roles/get HTTP/1.1" 200 351 "http://localhost:81/user/roles" "Mozilla/5.0 (X11; Linux x86_64) AppleWebKit/537.36 (KHTML, like Gecko) Chrome/61.0.3163.79 Safari/537.36"
::1 - - [02/Oct/2017:12:40:29 +0530] "GET /user/roles HTTP/1.1" 200 3275 "-" "Mozilla/5.0 (X11; Linux x86_64) AppleWebKit/537.36 (KHTML, like Gecko) Chrome/61.0.3163.79 Safari/537.36"
::1 - - [02/Oct/2017:12:40:29 +0530] "GET /css/main.css HTTP/1.1" 200 251239 "http://localhost:81/user/roles" "Mozilla/5.0 (X11; Linux x86_64) AppleWebKit/537.36 (KHTML, like Gecko) Chrome/61.0.3163.79 Safari/537.36"
::1 - - [02/Oct/2017:12:40:29 +0530] "GET /js/roles.js HTTP/1.1" 200 885097 "http://localhost:81/user/roles" "Mozilla/5.0 (X11; Linux x86_64) AppleWebKit/537.36 (KHTML, like Gecko) Chrome/61.0.3163.79 Safari/537.36"
::1 - - [02/Oct/2017:12:40:29 +0530] "GET /user/roles/get HTTP/1.1" 200 351 "http://localhost:81/user/roles" "Mozilla/5.0 (X11; Linux x86_64) AppleWebKit/537.36 (KHTML, like Gecko) Chrome/61.0.3163.79 Safari/537.36"
::1 - - [02/Oct/2017:12:40:29 +0530] "GET /favicon.ico HTTP/1.1" 200 - "http://localhost:81/user/roles" "Mozilla/5.0 (X11; Linux x86_64) AppleWebKit/537.36 (KHTML, like Gecko) Chrome/61.0.3163.79 Safari/537.36"
::1 - - [02/Oct/2017:12:40:52 +0530] "GET /user/ HTTP/1.1" 301 232 "-" "Mozilla/5.0 (X11; Linux x86_64) AppleWebKit/537.36 (KHTML, like Gecko) Chrome/61.0.3163.79 Safari/537.36"
::1 - - [02/Oct/2017:12:40:52 +0530] "GET /user HTTP/1.1" 200 2081 "-" "Mozilla/5.0 (X11; Linux x86_64) AppleWebKit/537.36 (KHTML, like Gecko) Chrome/61.0.3163.79 Safari/537.36"
::1 - - [02/Oct/2017:12:40:52 +0530] "GET /css/main.css HTTP/1.1" 304 - "http://localhost:81/user" "Mozilla/5.0 (X11; Linux x86_64) AppleWebKit/537.36 (KHTML, like Gecko) Chrome/61.0.3163.79 Safari/537.36"
::1 - - [02/Oct/2017:12:40:52 +0530] "GET /js/user.js HTTP/1.1" 200 879738 "http://localhost:81/user" "Mozilla/5.0 (X11; Linux x86_64) AppleWebKit/537.36 (KHTML, like Gecko) Chrome/61.0.3163.79 Safari/537.36"
::1 - - [02/Oct/2017:12:40:52 +0530] "GET /users HTTP/1.1" 200 302 "http://localhost:81/user" "Mozilla/5.0 (X11; Linux x86_64) AppleWebKit/537.36 (KHTML, like Gecko) Chrome/61.0.3163.79 Safari/537.36"
::1 - - [02/Oct/2017:12:40:54 +0530] "GET /user/role HTTP/1.1" 404 8106 "http://localhost:81/user" "Mozilla/5.0 (X11; Linux x86_64) AppleWebKit/537.36 (KHTML, like Gecko) Chrome/61.0.3163.79 Safari/537.36"
::1 - - [02/Oct/2017:12:41:38 +0530] "GET /user HTTP/1.1" 200 2081 "-" "Mozilla/5.0 (X11; Linux x86_64) AppleWebKit/537.36 (KHTML, like Gecko) Chrome/61.0.3163.79 Safari/537.36"
::1 - - [02/Oct/2017:12:41:39 +0530] "GET /js/user.js HTTP/1.1" 304 - "http://localhost:81/user" "Mozilla/5.0 (X11; Linux x86_64) AppleWebKit/537.36 (KHTML, like Gecko) Chrome/61.0.3163.79 Safari/537.36"
::1 - - [02/Oct/2017:12:41:39 +0530] "GET /css/main.css HTTP/1.1" 304 - "http://localhost:81/user" "Mozilla/5.0 (X11; Linux x86_64) AppleWebKit/537.36 (KHTML, like Gecko) Chrome/61.0.3163.79 Safari/537.36"
::1 - - [02/Oct/2017:12:41:39 +0530] "GET /users HTTP/1.1" 200 302 "http://localhost:81/user" "Mozilla/5.0 (X11; Linux x86_64) AppleWebKit/537.36 (KHTML, like Gecko) Chrome/61.0.3163.79 Safari/537.36"
::1 - - [02/Oct/2017:12:41:40 +0530] "GET /user/role HTTP/1.1" 404 8106 "http://localhost:81/user" "Mozilla/5.0 (X11; Linux x86_64) AppleWebKit/537.36 (KHTML, like Gecko) Chrome/61.0.3163.79 Safari/537.36"
::1 - - [02/Oct/2017:12:42:11 +0530] "GET /user HTTP/1.1" 200 2081 "-" "Mozilla/5.0 (X11; Linux x86_64) AppleWebKit/537.36 (KHTML, like Gecko) Chrome/61.0.3163.79 Safari/537.36"
::1 - - [02/Oct/2017:12:42:11 +0530] "GET /css/main.css HTTP/1.1" 200 251239 "http://localhost:81/user" "Mozilla/5.0 (X11; Linux x86_64) AppleWebKit/537.36 (KHTML, like Gecko) Chrome/61.0.3163.79 Safari/537.36"
::1 - - [02/Oct/2017:12:42:11 +0530] "GET /js/user.js HTTP/1.1" 200 879742 "http://localhost:81/user" "Mozilla/5.0 (X11; Linux x86_64) AppleWebKit/537.36 (KHTML, like Gecko) Chrome/61.0.3163.79 Safari/537.36"
::1 - - [02/Oct/2017:12:42:12 +0530] "GET /users HTTP/1.1" 200 302 "http://localhost:81/user" "Mozilla/5.0 (X11; Linux x86_64) AppleWebKit/537.36 (KHTML, like Gecko) Chrome/61.0.3163.79 Safari/537.36"
::1 - - [02/Oct/2017:12:42:12 +0530] "GET /favicon.ico HTTP/1.1" 200 - "http://localhost:81/user" "Mozilla/5.0 (X11; Linux x86_64) AppleWebKit/537.36 (KHTML, like Gecko) Chrome/61.0.3163.79 Safari/537.36"
::1 - - [02/Oct/2017:12:42:13 +0530] "GET /user/role/get HTTP/1.1" 405 8704 "http://localhost:81/user" "Mozilla/5.0 (X11; Linux x86_64) AppleWebKit/537.36 (KHTML, like Gecko) Chrome/61.0.3163.79 Safari/537.36"
192.168.1.2 - - [02/Oct/2017:12:44:28 +0530] "OPTIONS /oauth/token HTTP/1.1" 200 - "http://192.168.1.55/VueJs/site_demo/" "Mozilla/5.0 (X11; Linux x86_64) AppleWebKit/537.36 (KHTML, like Gecko) Chrome/59.0.3071.104 Safari/537.36"
192.168.1.2 - - [02/Oct/2017:12:44:28 +0530] "POST /oauth/token HTTP/1.1" 401 67 "http://192.168.1.55/VueJs/site_demo/" "Mozilla/5.0 (X11; Linux x86_64) AppleWebKit/537.36 (KHTML, like Gecko) Chrome/59.0.3071.104 Safari/537.36"
192.168.1.2 - - [02/Oct/2017:12:44:32 +0530] "POST /oauth/token HTTP/1.1" 401 67 "http://192.168.1.55/VueJs/site_demo/" "Mozilla/5.0 (X11; Linux x86_64) AppleWebKit/537.36 (KHTML, like Gecko) Chrome/59.0.3071.104 Safari/537.36"
192.168.1.2 - - [02/Oct/2017:12:44:32 +0530] "POST /oauth/token HTTP/1.1" 401 67 "http://192.168.1.55/VueJs/site_demo/" "Mozilla/5.0 (X11; Linux x86_64) AppleWebKit/537.36 (KHTML, like Gecko) Chrome/59.0.3071.104 Safari/537.36"
192.168.1.2 - - [02/Oct/2017:12:44:44 +0530] "OPTIONS /oauth/token HTTP/1.1" 200 - "http://192.168.1.55/VueJs/site_demo/" "Mozilla/5.0 (X11; Linux x86_64) AppleWebKit/537.36 (KHTML, like Gecko) Chrome/59.0.3071.104 Safari/537.36"
192.168.1.2 - - [02/Oct/2017:12:44:44 +0530] "POST /oauth/token HTTP/1.1" 200 1849 "http://192.168.1.55/VueJs/site_demo/" "Mozilla/5.0 (X11; Linux x86_64) AppleWebKit/537.36 (KHTML, like Gecko) Chrome/59.0.3071.104 Safari/537.36"
192.168.1.2 - - [02/Oct/2017:12:44:45 +0530] "OPTIONS /api/users HTTP/1.1" 200 - "http://192.168.1.55/VueJs/site_demo/" "Mozilla/5.0 (X11; Linux x86_64) AppleWebKit/537.36 (KHTML, like Gecko) Chrome/59.0.3071.104 Safari/537.36"
192.168.1.2 - - [02/Oct/2017:12:44:45 +0530] "GET /api/users HTTP/1.1" 200 302 "http://192.168.1.55/VueJs/site_demo/" "Mozilla/5.0 (X11; Linux x86_64) AppleWebKit/537.36 (KHTML, like Gecko) Chrome/59.0.3071.104 Safari/537.36"
::1 - - [02/Oct/2017:12:46:03 +0530] "GET /user HTTP/1.1" 200 2086 "-" "Mozilla/5.0 (X11; Linux x86_64) AppleWebKit/537.36 (KHTML, like Gecko) Chrome/61.0.3163.79 Safari/537.36"
::1 - - [02/Oct/2017:12:46:03 +0530] "GET /css/main.css HTTP/1.1" 200 251239 "http://localhost:81/user" "Mozilla/5.0 (X11; Linux x86_64) AppleWebKit/537.36 (KHTML, like Gecko) Chrome/61.0.3163.79 Safari/537.36"
::1 - - [02/Oct/2017:12:46:03 +0530] "GET /js/user.js HTTP/1.1" 200 879745 "http://localhost:81/user" "Mozilla/5.0 (X11; Linux x86_64) AppleWebKit/537.36 (KHTML, like Gecko) Chrome/61.0.3163.79 Safari/537.36"
::1 - - [02/Oct/2017:12:46:04 +0530] "GET /users HTTP/1.1" 200 302 "http://localhost:81/user" "Mozilla/5.0 (X11; Linux x86_64) AppleWebKit/537.36 (KHTML, like Gecko) Chrome/61.0.3163.79 Safari/537.36"
::1 - - [02/Oct/2017:12:46:05 +0530] "GET /user/permissions HTTP/1.1" 500 10327 "http://localhost:81/user" "Mozilla/5.0 (X11; Linux x86_64) AppleWebKit/537.36 (KHTML, like Gecko) Chrome/61.0.3163.79 Safari/537.36"
192.168.1.2 - - [02/Oct/2017:12:46:26 +0530] "OPTIONS /oauth/token HTTP/1.1" 200 - "http://192.168.1.55/VueJs/site_demo/" "Mozilla/5.0 (X11; Linux x86_64) AppleWebKit/537.36 (KHTML, like Gecko) Chrome/59.0.3071.104 Safari/537.36"
192.168.1.2 - - [02/Oct/2017:12:46:26 +0530] "OPTIONS /oauth/token HTTP/1.1" 200 - "http://192.168.1.55/VueJs/site_demo/" "Mozilla/5.0 (X11; Linux x86_64) AppleWebKit/537.36 (KHTML, like Gecko) Chrome/59.0.3071.104 Safari/537.36"
192.168.1.2 - - [02/Oct/2017:12:46:26 +0530] "POST /oauth/token HTTP/1.1" 401 67 "http://192.168.1.55/VueJs/site_demo/" "Mozilla/5.0 (X11; Linux x86_64) AppleWebKit/537.36 (KHTML, like Gecko) Chrome/59.0.3071.104 Safari/537.36"
192.168.1.2 - - [02/Oct/2017:12:46:26 +0530] "POST /oauth/token HTTP/1.1" 401 67 "http://192.168.1.55/VueJs/site_demo/" "Mozilla/5.0 (X11; Linux x86_64) AppleWebKit/537.36 (KHTML, like Gecko) Chrome/59.0.3071.104 Safari/537.36"
::1 - - [02/Oct/2017:12:46:28 +0530] "GET /user HTTP/1.1" 200 2086 "-" "Mozilla/5.0 (X11; Linux x86_64) AppleWebKit/537.36 (KHTML, like Gecko) Chrome/61.0.3163.79 Safari/537.36"
::1 - - [02/Oct/2017:12:46:28 +0530] "GET /css/main.css HTTP/1.1" 304 - "http://localhost:81/user" "Mozilla/5.0 (X11; Linux x86_64) AppleWebKit/537.36 (KHTML, like Gecko) Chrome/61.0.3163.79 Safari/537.36"
::1 - - [02/Oct/2017:12:46:28 +0530] "GET /js/user.js HTTP/1.1" 304 - "http://localhost:81/user" "Mozilla/5.0 (X11; Linux x86_64) AppleWebKit/537.36 (KHTML, like Gecko) Chrome/61.0.3163.79 Safari/537.36"
::1 - - [02/Oct/2017:12:46:28 +0530] "GET /users HTTP/1.1" 200 302 "http://localhost:81/user" "Mozilla/5.0 (X11; Linux x86_64) AppleWebKit/537.36 (KHTML, like Gecko) Chrome/61.0.3163.79 Safari/537.36"
::1 - - [02/Oct/2017:12:46:29 +0530] "GET /user/permissions HTTP/1.1" 500 10327 "http://localhost:81/user" "Mozilla/5.0 (X11; Linux x86_64) AppleWebKit/537.36 (KHTML, like Gecko) Chrome/61.0.3163.79 Safari/537.36"
192.168.1.2 - - [02/Oct/2017:12:51:02 +0530] "OPTIONS /oauth/token HTTP/1.1" 200 - "http://192.168.1.55/VueJs/site_demo/" "Mozilla/5.0 (X11; Linux x86_64) AppleWebKit/537.36 (KHTML, like Gecko) Chrome/59.0.3071.104 Safari/537.36"
192.168.1.2 - - [02/Oct/2017:12:51:02 +0530] "POST /oauth/token HTTP/1.1" 401 67 "http://192.168.1.55/VueJs/site_demo/" "Mozilla/5.0 (X11; Linux x86_64) AppleWebKit/537.36 (KHTML, like Gecko) Chrome/59.0.3071.104 Safari/537.36"
192.168.1.2 - - [02/Oct/2017:12:51:05 +0530] "POST /oauth/token HTTP/1.1" 401 67 "http://192.168.1.55/VueJs/site_demo/" "Mozilla/5.0 (X11; Linux x86_64) AppleWebKit/537.36 (KHTML, like Gecko) Chrome/59.0.3071.104 Safari/537.36"
192.168.1.2 - - [02/Oct/2017:12:51:05 +0530] "POST /oauth/token HTTP/1.1" 401 67 "http://192.168.1.55/VueJs/site_demo/" "Mozilla/5.0 (X11; Linux x86_64) AppleWebKit/537.36 (KHTML, like Gecko) Chrome/59.0.3071.104 Safari/537.36"
192.168.1.2 - - [02/Oct/2017:12:51:05 +0530] "POST /oauth/token HTTP/1.1" 401 67 "http://192.168.1.55/VueJs/site_demo/" "Mozilla/5.0 (X11; Linux x86_64) AppleWebKit/537.36 (KHTML, like Gecko) Chrome/59.0.3071.104 Safari/537.36"
192.168.1.2 - - [02/Oct/2017:12:54:04 +0530] "OPTIONS /oauth/token HTTP/1.1" 200 - "http://192.168.1.55/VueJs/site_demo/" "Mozilla/5.0 (X11; Linux x86_64) AppleWebKit/537.36 (KHTML, like Gecko) Chrome/59.0.3071.104 Safari/537.36"
192.168.1.2 - - [02/Oct/2017:12:54:04 +0530] "POST /oauth/token HTTP/1.1" 401 67 "http://192.168.1.55/VueJs/site_demo/" "Mozilla/5.0 (X11; Linux x86_64) AppleWebKit/537.36 (KHTML, like Gecko) Chrome/59.0.3071.104 Safari/537.36"
192.168.1.2 - - [02/Oct/2017:12:54:09 +0530] "POST /oauth/token HTTP/1.1" 401 67 "http://192.168.1.55/VueJs/site_demo/" "Mozilla/5.0 (X11; Linux x86_64) AppleWebKit/537.36 (KHTML, like Gecko) Chrome/59.0.3071.104 Safari/537.36"
192.168.1.2 - - [02/Oct/2017:12:54:10 +0530] "OPTIONS /oauth/token HTTP/1.1" 200 - "http://192.168.1.55/VueJs/site_demo/" "Mozilla/5.0 (X11; Linux x86_64) AppleWebKit/537.36 (KHTML, like Gecko) Chrome/59.0.3071.104 Safari/537.36"
192.168.1.2 - - [02/Oct/2017:12:54:10 +0530] "POST /oauth/token HTTP/1.1" 401 67 "http://192.168.1.55/VueJs/site_demo/" "Mozilla/5.0 (X11; Linux x86_64) AppleWebKit/537.36 (KHTML, like Gecko) Chrome/59.0.3071.104 Safari/537.36"
192.168.1.2 - - [02/Oct/2017:12:54:11 +0530] "POST /oauth/token HTTP/1.1" 401 67 "http://192.168.1.55/VueJs/site_demo/" "Mozilla/5.0 (X11; Linux x86_64) AppleWebKit/537.36 (KHTML, like Gecko) Chrome/59.0.3071.104 Safari/537.36"
192.168.1.2 - - [02/Oct/2017:12:54:26 +0530] "OPTIONS /oauth/token HTTP/1.1" 200 - "http://192.168.1.55/VueJs/site_demo/" "Mozilla/5.0 (X11; Linux x86_64) AppleWebKit/537.36 (KHTML, like Gecko) Chrome/59.0.3071.104 Safari/537.36"
192.168.1.2 - - [02/Oct/2017:12:54:26 +0530] "POST /oauth/token HTTP/1.1" 200 1849 "http://192.168.1.55/VueJs/site_demo/" "Mozilla/5.0 (X11; Linux x86_64) AppleWebKit/537.36 (KHTML, like Gecko) Chrome/59.0.3071.104 Safari/537.36"
192.168.1.2 - - [02/Oct/2017:12:54:26 +0530] "OPTIONS /api/users HTTP/1.1" 200 - "http://192.168.1.55/VueJs/site_demo/" "Mozilla/5.0 (X11; Linux x86_64) AppleWebKit/537.36 (KHTML, like Gecko) Chrome/59.0.3071.104 Safari/537.36"
192.168.1.2 - - [02/Oct/2017:12:54:26 +0530] "GET /api/users HTTP/1.1" 200 302 "http://192.168.1.55/VueJs/site_demo/" "Mozilla/5.0 (X11; Linux x86_64) AppleWebKit/537.36 (KHTML, like Gecko) Chrome/59.0.3071.104 Safari/537.36"
192.168.1.2 - - [02/Oct/2017:12:56:29 +0530] "OPTIONS /oauth/token HTTP/1.1" 200 - "http://192.168.1.55/VueJs/site_demo/" "Mozilla/5.0 (X11; Linux x86_64) AppleWebKit/537.36 (KHTML, like Gecko) Chrome/59.0.3071.104 Safari/537.36"
192.168.1.2 - - [02/Oct/2017:12:56:29 +0530] "OPTIONS /oauth/token HTTP/1.1" 200 - "http://192.168.1.55/VueJs/site_demo/" "Mozilla/5.0 (X11; Linux x86_64) AppleWebKit/537.36 (KHTML, like Gecko) Chrome/59.0.3071.104 Safari/537.36"
192.168.1.2 - - [02/Oct/2017:12:56:29 +0530] "POST /oauth/token HTTP/1.1" 401 67 "http://192.168.1.55/VueJs/site_demo/" "Mozilla/5.0 (X11; Linux x86_64) AppleWebKit/537.36 (KHTML, like Gecko) Chrome/59.0.3071.104 Safari/537.36"
192.168.1.2 - - [02/Oct/2017:12:56:29 +0530] "POST /oauth/token HTTP/1.1" 401 67 "http://192.168.1.55/VueJs/site_demo/" "Mozilla/5.0 (X11; Linux x86_64) AppleWebKit/537.36 (KHTML, like Gecko) Chrome/59.0.3071.104 Safari/537.36"
192.168.1.2 - - [02/Oct/2017:12:56:33 +0530] "POST /oauth/token HTTP/1.1" 401 67 "http://192.168.1.55/VueJs/site_demo/" "Mozilla/5.0 (X11; Linux x86_64) AppleWebKit/537.36 (KHTML, like Gecko) Chrome/59.0.3071.104 Safari/537.36"
192.168.1.2 - - [02/Oct/2017:12:56:33 +0530] "POST /oauth/token HTTP/1.1" 401 67 "http://192.168.1.55/VueJs/site_demo/" "Mozilla/5.0 (X11; Linux x86_64) AppleWebKit/537.36 (KHTML, like Gecko) Chrome/59.0.3071.104 Safari/537.36"
192.168.1.2 - - [02/Oct/2017:12:56:48 +0530] "OPTIONS /oauth/token HTTP/1.1" 200 - "http://192.168.1.55/VueJs/site_demo/" "Mozilla/5.0 (X11; Linux x86_64) AppleWebKit/537.36 (KHTML, like Gecko) Chrome/59.0.3071.104 Safari/537.36"
192.168.1.2 - - [02/Oct/2017:12:56:48 +0530] "POST /oauth/token HTTP/1.1" 200 1849 "http://192.168.1.55/VueJs/site_demo/" "Mozilla/5.0 (X11; Linux x86_64) AppleWebKit/537.36 (KHTML, like Gecko) Chrome/59.0.3071.104 Safari/537.36"
192.168.1.2 - - [02/Oct/2017:12:56:48 +0530] "OPTIONS /api/users HTTP/1.1" 200 - "http://192.168.1.55/VueJs/site_demo/" "Mozilla/5.0 (X11; Linux x86_64) AppleWebKit/537.36 (KHTML, like Gecko) Chrome/59.0.3071.104 Safari/537.36"
192.168.1.2 - - [02/Oct/2017:12:56:48 +0530] "GET /api/users HTTP/1.1" 200 302 "http://192.168.1.55/VueJs/site_demo/" "Mozilla/5.0 (X11; Linux x86_64) AppleWebKit/537.36 (KHTML, like Gecko) Chrome/59.0.3071.104 Safari/537.36"
192.168.1.2 - - [02/Oct/2017:12:57:02 +0530] "OPTIONS /oauth/token HTTP/1.1" 200 - "http://192.168.1.55/VueJs/site_demo/" "Mozilla/5.0 (X11; Linux x86_64) AppleWebKit/537.36 (KHTML, like Gecko) Chrome/59.0.3071.104 Safari/537.36"
192.168.1.2 - - [02/Oct/2017:12:57:02 +0530] "POST /oauth/token HTTP/1.1" 200 1849 "http://192.168.1.55/VueJs/site_demo/" "Mozilla/5.0 (X11; Linux x86_64) AppleWebKit/537.36 (KHTML, like Gecko) Chrome/59.0.3071.104 Safari/537.36"
192.168.1.2 - - [02/Oct/2017:12:57:06 +0530] "POST /oauth/token HTTP/1.1" 200 1849 "http://192.168.1.55/VueJs/site_demo/" "Mozilla/5.0 (X11; Linux x86_64) AppleWebKit/537.36 (KHTML, like Gecko) Chrome/59.0.3071.104 Safari/537.36"
192.168.1.2 - - [02/Oct/2017:12:57:07 +0530] "POST /oauth/token HTTP/1.1" 200 1849 "http://192.168.1.55/VueJs/site_demo/" "Mozilla/5.0 (X11; Linux x86_64) AppleWebKit/537.36 (KHTML, like Gecko) Chrome/59.0.3071.104 Safari/537.36"
192.168.1.2 - - [02/Oct/2017:12:57:07 +0530] "OPTIONS /oauth/token HTTP/1.1" 200 - "http://192.168.1.55/VueJs/site_demo/" "Mozilla/5.0 (X11; Linux x86_64) AppleWebKit/537.36 (KHTML, like Gecko) Chrome/59.0.3071.104 Safari/537.36"
192.168.1.2 - - [02/Oct/2017:12:57:07 +0530] "POST /oauth/token HTTP/1.1" 200 1849 "http://192.168.1.55/VueJs/site_demo/" "Mozilla/5.0 (X11; Linux x86_64) AppleWebKit/537.36 (KHTML, like Gecko) Chrome/59.0.3071.104 Safari/537.36"
192.168.1.2 - - [02/Oct/2017:12:57:07 +0530] "POST /oauth/token HTTP/1.1" 200 1849 "http://192.168.1.55/VueJs/site_demo/" "Mozilla/5.0 (X11; Linux x86_64) AppleWebKit/537.36 (KHTML, like Gecko) Chrome/59.0.3071.104 Safari/537.36"
192.168.1.2 - - [02/Oct/2017:12:57:15 +0530] "OPTIONS /oauth/token HTTP/1.1" 200 - "http://192.168.1.55/VueJs/site_demo/" "Mozilla/5.0 (X11; Linux x86_64) AppleWebKit/537.36 (KHTML, like Gecko) Chrome/59.0.3071.104 Safari/537.36"
192.168.1.2 - - [02/Oct/2017:12:57:15 +0530] "POST /oauth/token HTTP/1.1" 200 1849 "http://192.168.1.55/VueJs/site_demo/" "Mozilla/5.0 (X11; Linux x86_64) AppleWebKit/537.36 (KHTML, like Gecko) Chrome/59.0.3071.104 Safari/537.36"
192.168.1.2 - - [02/Oct/2017:12:57:15 +0530] "POST /oauth/token HTTP/1.1" 200 1849 "http://192.168.1.55/VueJs/site_demo/" "Mozilla/5.0 (X11; Linux x86_64) AppleWebKit/537.36 (KHTML, like Gecko) Chrome/59.0.3071.104 Safari/537.36"
192.168.1.2 - - [02/Oct/2017:12:57:15 +0530] "POST /oauth/token HTTP/1.1" 200 1849 "http://192.168.1.55/VueJs/site_demo/" "Mozilla/5.0 (X11; Linux x86_64) AppleWebKit/537.36 (KHTML, like Gecko) Chrome/59.0.3071.104 Safari/537.36"
192.168.1.2 - - [02/Oct/2017:12:57:16 +0530] "POST /oauth/token HTTP/1.1" 200 1849 "http://192.168.1.55/VueJs/site_demo/" "Mozilla/5.0 (X11; Linux x86_64) AppleWebKit/537.36 (KHTML, like Gecko) Chrome/59.0.3071.104 Safari/537.36"
192.168.1.2 - - [02/Oct/2017:12:57:16 +0530] "POST /oauth/token HTTP/1.1" 200 1849 "http://192.168.1.55/VueJs/site_demo/" "Mozilla/5.0 (X11; Linux x86_64) AppleWebKit/537.36 (KHTML, like Gecko) Chrome/59.0.3071.104 Safari/537.36"
192.168.1.2 - - [02/Oct/2017:12:58:04 +0530] "OPTIONS /oauth/token HTTP/1.1" 200 - "http://192.168.1.55/VueJs/site_demo/" "Mozilla/5.0 (X11; Linux x86_64) AppleWebKit/537.36 (KHTML, like Gecko) Chrome/59.0.3071.104 Safari/537.36"
192.168.1.2 - - [02/Oct/2017:12:58:04 +0530] "POST /oauth/token HTTP/1.1" 200 1849 "http://192.168.1.55/VueJs/site_demo/" "Mozilla/5.0 (X11; Linux x86_64) AppleWebKit/537.36 (KHTML, like Gecko) Chrome/59.0.3071.104 Safari/537.36"
192.168.1.2 - - [02/Oct/2017:12:58:04 +0530] "OPTIONS /api/users HTTP/1.1" 200 - "http://192.168.1.55/VueJs/site_demo/" "Mozilla/5.0 (X11; Linux x86_64) AppleWebKit/537.36 (KHTML, like Gecko) Chrome/59.0.3071.104 Safari/537.36"
192.168.1.2 - - [02/Oct/2017:12:58:04 +0530] "GET /api/users HTTP/1.1" 200 302 "http://192.168.1.55/VueJs/site_demo/" "Mozilla/5.0 (X11; Linux x86_64) AppleWebKit/537.36 (KHTML, like Gecko) Chrome/59.0.3071.104 Safari/537.36"
192.168.1.2 - - [02/Oct/2017:12:58:17 +0530] "OPTIONS /oauth/token HTTP/1.1" 200 - "http://192.168.1.55/VueJs/site_demo/" "Mozilla/5.0 (X11; Linux x86_64) AppleWebKit/537.36 (KHTML, like Gecko) Chrome/59.0.3071.104 Safari/537.36"
192.168.1.2 - - [02/Oct/2017:12:58:17 +0530] "POST /oauth/token HTTP/1.1" 200 1849 "http://192.168.1.55/VueJs/site_demo/" "Mozilla/5.0 (X11; Linux x86_64) AppleWebKit/537.36 (KHTML, like Gecko) Chrome/59.0.3071.104 Safari/537.36"
::1 - - [02/Oct/2017:12:58:57 +0530] "GET /user HTTP/1.1" 302 344 "-" "Mozilla/5.0 (X11; Linux x86_64) AppleWebKit/537.36 (KHTML, like Gecko) Chrome/61.0.3163.79 Safari/537.36"
::1 - - [02/Oct/2017:12:58:57 +0530] "GET /login HTTP/1.1" 200 4454 "-" "Mozilla/5.0 (X11; Linux x86_64) AppleWebKit/537.36 (KHTML, like Gecko) Chrome/61.0.3163.79 Safari/537.36"
::1 - - [02/Oct/2017:12:58:57 +0530] "GET /css/app.css HTTP/1.1" 200 147116 "http://localhost:81/login" "Mozilla/5.0 (X11; Linux x86_64) AppleWebKit/537.36 (KHTML, like Gecko) Chrome/61.0.3163.79 Safari/537.36"
::1 - - [02/Oct/2017:12:58:57 +0530] "GET /js/app.js HTTP/1.1" 200 1253309 "http://localhost:81/login" "Mozilla/5.0 (X11; Linux x86_64) AppleWebKit/537.36 (KHTML, like Gecko) Chrome/61.0.3163.79 Safari/537.36"
::1 - - [02/Oct/2017:12:59:08 +0530] "POST /login HTTP/1.1" 302 340 "http://localhost:81/login" "Mozilla/5.0 (X11; Linux x86_64) AppleWebKit/537.36 (KHTML, like Gecko) Chrome/61.0.3163.79 Safari/537.36"
::1 - - [02/Oct/2017:12:59:08 +0530] "GET /user HTTP/1.1" 200 2086 "http://localhost:81/login" "Mozilla/5.0 (X11; Linux x86_64) AppleWebKit/537.36 (KHTML, like Gecko) Chrome/61.0.3163.79 Safari/537.36"
::1 - - [02/Oct/2017:12:59:08 +0530] "GET /js/user.js HTTP/1.1" 304 - "http://localhost:81/user" "Mozilla/5.0 (X11; Linux x86_64) AppleWebKit/537.36 (KHTML, like Gecko) Chrome/61.0.3163.79 Safari/537.36"
::1 - - [02/Oct/2017:12:59:08 +0530] "GET /css/main.css HTTP/1.1" 304 - "http://localhost:81/user" "Mozilla/5.0 (X11; Linux x86_64) AppleWebKit/537.36 (KHTML, like Gecko) Chrome/61.0.3163.79 Safari/537.36"
